{
  "version": "1.5.0",
  "plugins_used": [
    {
      "name": "ArtifactoryDetector"
    },
    {
      "name": "AWSKeyDetector"
    },
    {
      "name": "AzureStorageKeyDetector"
    },
    {
      "name": "Base64HighEntropyString",
      "limit": 4.5
    },
    {
      "name": "BasicAuthDetector"
    },
    {
      "name": "CloudantDetector"
    },
    {
      "name": "DiscordBotTokenDetector"
    },
    {
      "name": "GitHubTokenDetector"
    },
    {
      "name": "GitLabTokenDetector"
    },
    {
      "name": "HexHighEntropyString",
      "limit": 3.0
    },
    {
      "name": "IbmCloudIamDetector"
    },
    {
      "name": "IbmCosHmacDetector"
    },
    {
      "name": "IPPublicDetector"
    },
    {
      "name": "JwtTokenDetector"
    },
    {
      "name": "KeywordDetector",
      "keyword_exclude": ""
    },
    {
      "name": "MailchimpDetector"
    },
    {
      "name": "NpmDetector"
    },
    {
      "name": "OpenAIDetector"
    },
    {
      "name": "PrivateKeyDetector"
    },
    {
      "name": "PypiTokenDetector"
    },
    {
      "name": "SendGridDetector"
    },
    {
      "name": "SlackDetector"
    },
    {
      "name": "SoftlayerDetector"
    },
    {
      "name": "SquareOAuthDetector"
    },
    {
      "name": "StripeDetector"
    },
    {
      "name": "TelegramBotTokenDetector"
    },
    {
      "name": "TwilioKeyDetector"
    }
  ],
  "filters_used": [
    {
      "path": "detect_secrets.filters.allowlist.is_line_allowlisted"
    },
    {
      "path": "detect_secrets.filters.heuristic.is_indirect_reference"
    },
    {
      "path": "detect_secrets.filters.heuristic.is_likely_id_string"
    },
    {
      "path": "detect_secrets.filters.heuristic.is_lock_file"
    },
    {
      "path": "detect_secrets.filters.heuristic.is_not_alphanumeric_string"
    },
    {
      "path": "detect_secrets.filters.heuristic.is_potential_uuid"
    },
    {
      "path": "detect_secrets.filters.heuristic.is_prefixed_with_dollar_sign"
    },
    {
      "path": "detect_secrets.filters.heuristic.is_sequential_string"
    },
    {
      "path": "detect_secrets.filters.heuristic.is_swagger_file"
    },
    {
      "path": "detect_secrets.filters.heuristic.is_templated_secret"
    },
    {
      "path": "detect_secrets.filters.regex.should_exclude_file",
      "pattern": [
        "(^|/)(\\.git|\\.venv|\\.mypy_cache|\\.pytest_cache|\\.ruff_cache|__pycache__|build|data/raw|data/derived|runs)(/|$)|(^|/)\\.secrets\\.baseline$|(^|/)python/requirements-(dev|release)\\.lock$|(^|/)tests/(golden|fuzz/corpus)(/|$)|(^|/)tests/fixtures/.*\\.(itch|itch\\.gz|ilb|parquet)$"
      ]
    }
  ],
  "results": {
    "python/tests/test_conversion.py": [
      {
        "type": "Base64 High Entropy String",
        "filename": "python/tests/test_conversion.py",
        "hashed_secret": "5fa91041ee863d612bc24d744960ea2edd6261b0",
        "is_verified": false,
        "line_number": 79,
        "is_secret": false
      },
      {
        "type": "Base64 High Entropy String",
        "filename": "python/tests/test_conversion.py",
        "hashed_secret": "8df1b78b416318cf34ff974210af2d5edc252594",
        "is_verified": false,
        "line_number": 81,
        "is_secret": false
      }
    ],
    "python/tests/test_interchange_contract.py": [
      {
        "type": "Hex High Entropy String",
        "filename": "python/tests/test_interchange_contract.py",
        "hashed_secret": "882c1139ca8d96aba0e75c3ad6ad0b30e174c780",
        "is_verified": false,
        "line_number": 50,
        "is_secret": false
      },
      {
        "type": "Hex High Entropy String",
        "filename": "python/tests/test_interchange_contract.py",
        "hashed_secret": "0d399aec0255e3796845bbcb7ab8f452b37a673f",
        "is_verified": false,
        "line_number": 164,
        "is_secret": false
      }
    ],
    "python/tests/test_itch_fixture_builder.py": [
      {
        "type": "Hex High Entropy String",
        "filename": "python/tests/test_itch_fixture_builder.py",
        "hashed_secret": "9d484d3b8db4392d9d3446021a72aab8f8396bdd",
        "is_verified": false,
        "line_number": 61,
        "is_secret": false
      },
      {
        "type": "Hex High Entropy String",
        "filename": "python/tests/test_itch_fixture_builder.py",
        "hashed_secret": "8552357776104e5873b5f13deaa8b303d2a34d83",
        "is_verified": false,
        "line_number": 63,
        "is_secret": false
      }
    ],
    "tests/cpp/integration/task007_cli_integration_test.cpp": [
      {
        "type": "Hex High Entropy String",
        "filename": "tests/cpp/integration/task007_cli_integration_test.cpp",
        "hashed_secret": "986f98530140d43616879a6bbbbeb0c857184044",
        "is_verified": false,
        "line_number": 234,
        "is_secret": false
      }
    ],
    "tests/cpp/integration/task007_replay_integration_test.cpp": [
      {
        "type": "Hex High Entropy String",
        "filename": "tests/cpp/integration/task007_replay_integration_test.cpp",
        "hashed_secret": "986f98530140d43616879a6bbbbeb0c857184044",
        "is_verified": false,
        "line_number": 99,
        "is_secret": false
      }
    ],
    "tests/cpp/unit/decoder_test.cpp": [
      {
        "type": "Hex High Entropy String",
        "filename": "tests/cpp/unit/decoder_test.cpp",
        "hashed_secret": "8552357776104e5873b5f13deaa8b303d2a34d83",
        "is_verified": false,
        "line_number": 140,
        "is_secret": false
      },
      {
        "type": "Hex High Entropy String",
        "filename": "tests/cpp/unit/decoder_test.cpp",
        "hashed_secret": "9d484d3b8db4392d9d3446021a72aab8f8396bdd",
        "is_verified": false,
        "line_number": 392,
        "is_secret": false
      }
    ],
    "tests/cpp/unit/manifest_test.cpp": [
      {
        "type": "Hex High Entropy String",
        "filename": "tests/cpp/unit/manifest_test.cpp",
        "hashed_secret": "ef6ebf770111e2d9cad91d18b36d3f732b61499a",
        "is_verified": false,
        "line_number": 91,
        "is_secret": false
      }
    ],
    "tests/cpp/unit/order_book_test.cpp": [
      {
        "type": "Hex High Entropy String",
        "filename": "tests/cpp/unit/order_book_test.cpp",
        "hashed_secret": "5cda7e36306adb25ced150f248343af3c246ba23",
        "is_verified": false,
        "line_number": 221,
        "is_secret": false
      },
      {
        "type": "Hex High Entropy String",
        "filename": "tests/cpp/unit/order_book_test.cpp",
        "hashed_secret": "986f98530140d43616879a6bbbbeb0c857184044",
        "is_verified": false,
        "line_number": 238,
        "is_secret": false
      }
    ],
    "tests/cpp/unit/sha256_test.cpp": [
      {
        "type": "Hex High Entropy String",
        "filename": "tests/cpp/unit/sha256_test.cpp",
        "hashed_secret": "244f421f896bdcdd2784dccf4eaf7c8dfd5189b5",
        "is_verified": false,
        "line_number": 11,
        "is_secret": false
      },
      {
        "type": "Hex High Entropy String",
        "filename": "tests/cpp/unit/sha256_test.cpp",
        "hashed_secret": "aabc6baa2329644dd4c24ce57ddde468ff64ce8e",
        "is_verified": false,
        "line_number": 13,
        "is_secret": false
      },
      {
        "type": "Hex High Entropy String",
        "filename": "tests/cpp/unit/sha256_test.cpp",
        "hashed_secret": "6747ed179d6b96f1ac168bafa8b87c2ddee37236",
        "is_verified": false,
        "line_number": 16,
        "is_secret": false
      },
      {
        "type": "Hex High Entropy String",
        "filename": "tests/cpp/unit/sha256_test.cpp",
        "hashed_secret": "8306e94bddc1b6cf742361325c2189045aa3448e",
        "is_verified": false,
        "line_number": 26,
        "is_secret": false
      }
    ]
  },
  "generated_at": "2026-08-17T15:02:55Z"
}
